// Jest Snapshot v1, https://goo.gl/fbAQLP

exports[`< PostsScreen/> renders correctly 1`] = `
<View>
  <View
    style={
      Object {
        "alignItems": "flex-end",
        "alignSelf": "stretch",
        "backgroundColor": "#179aff",
        "flexDirection": "row",
        "height": 52,
        "justifyContent": "space-between",
        "paddingLeft": 10,
        "paddingRight": 10,
      }
    }
  >
    <Text
      style={
        Object {
          "color": "#FFED00",
          "fontSize": 32,
          "fontWeight": "bold",
        }
      }
    >
      IkeBook
    </Text>
  </View>
  <RCTScrollView>
    <View>
      <View
        style={
          Object {
            "alignItems": "center",
            "backgroundColor": "#cdd7d6",
            "height": "100%",
            "justifyContent": "center",
          }
        }
      />
    </View>
  </RCTScrollView>
  <View
    style={
      Object {
        "alignItems": "center",
        "backgroundColor": "#FFED00",
        "borderRadius": 33,
        "bottom": 50,
        "height": 66,
        "justifyContent": "center",
        "position": "absolute",
        "width": "100%",
      }
    }
  >
    <View
      accessibilityRole="button"
      accessibilityState={Object {}}
      accessible={true}
      focusable={true}
      onClick={[Function]}
      onResponderGrant={[Function]}
      onResponderMove={[Function]}
      onResponderRelease={[Function]}
      onResponderTerminate={[Function]}
      onResponderTerminationRequest={[Function]}
      onStartShouldSetResponder={[Function]}
      style={
        Object {
          "opacity": 1,
        }
      }
    >
      <View
        style={
          Array [
            Object {},
          ]
        }
      >
        <Text
          style={
            Array [
              Object {
                "color": "#007AFF",
                "fontSize": 18,
                "margin": 8,
                "textAlign": "center",
              },
            ]
          }
        >
          Create Post
        </Text>
      </View>
    </View>
  </View>
</View>
`;
